--------------------------------------------------------------------------------
Release 14.7 Trace  (nt64)
Copyright (c) 1995-2013 Xilinx, Inc.  All rights reserved.

C:\Xilinx\14.7\ISE_DS\ISE\bin\nt64\unwrapped\trce.exe -intstyle ise -v 3 -s 3
-n 3 -fastpaths -xml alu.twx alu.ncd -o alu.twr alu.pcf

Design file:              alu.ncd
Physical constraint file: alu.pcf
Device,package,speed:     xc7a100t,csg324,C,-3 (PRODUCTION 1.10 2013-10-13)
Report level:             verbose report

Environment Variable      Effect 
--------------------      ------ 
NONE                      No environment variables were set
--------------------------------------------------------------------------------

INFO:Timing:2698 - No timing constraints found, doing default enumeration.
INFO:Timing:3412 - To improve timing, see the Timing Closure User Guide (UG612).
INFO:Timing:2752 - To get complete path coverage, use the unconstrained paths 
   option. All paths that are not constrained will be reported in the 
   unconstrained paths section(s) of the report.
INFO:Timing:3339 - The clock-to-out numbers in this timing report are based on 
   a 50 Ohm transmission line loading model.  For the details of this model, 
   and for more information on accounting for different loading conditions, 
   please see the device datasheet.



Data Sheet report:
-----------------
All values displayed in nanoseconds (ns)

Pad to Pad
---------------+---------------+---------+
Source Pad     |Destination Pad|  Delay  |
---------------+---------------+---------+
a<0>           |result<17>     |   10.883|
a<0>           |result<18>     |   11.162|
a<0>           |result<19>     |   11.235|
a<0>           |result<20>     |   11.056|
a<0>           |result<21>     |   11.281|
a<0>           |result<22>     |   11.166|
a<0>           |result<23>     |   10.976|
a<0>           |result<24>     |   10.774|
a<0>           |result<25>     |   11.130|
a<0>           |result<26>     |   11.311|
a<0>           |result<27>     |   11.568|
a<0>           |result<28>     |   11.236|
a<0>           |result<29>     |   10.657|
a<0>           |result<30>     |   11.343|
a<0>           |result<31>     |   11.732|
a<1>           |result<17>     |   10.796|
a<1>           |result<18>     |   11.075|
a<1>           |result<19>     |   11.148|
a<1>           |result<20>     |   10.969|
a<1>           |result<21>     |   11.194|
a<1>           |result<22>     |   11.079|
a<1>           |result<23>     |   10.889|
a<1>           |result<24>     |   10.687|
a<1>           |result<25>     |   11.043|
a<1>           |result<26>     |   11.224|
a<1>           |result<27>     |   11.481|
a<1>           |result<28>     |   11.149|
a<1>           |result<29>     |   10.570|
a<1>           |result<30>     |   11.256|
a<1>           |result<31>     |   11.645|
a<2>           |result<17>     |   11.004|
a<2>           |result<18>     |   11.283|
a<2>           |result<19>     |   11.356|
a<2>           |result<20>     |   11.177|
a<2>           |result<21>     |   11.402|
a<2>           |result<22>     |   11.287|
a<2>           |result<23>     |   11.097|
a<2>           |result<24>     |   10.895|
a<2>           |result<25>     |   11.251|
a<2>           |result<26>     |   11.432|
a<2>           |result<27>     |   11.689|
a<2>           |result<28>     |   11.357|
a<2>           |result<29>     |   10.778|
a<2>           |result<30>     |   11.464|
a<2>           |result<31>     |   11.853|
a<3>           |result<17>     |   10.494|
a<3>           |result<18>     |   10.773|
a<3>           |result<19>     |   10.846|
a<3>           |result<20>     |   10.667|
a<3>           |result<21>     |   10.892|
a<3>           |result<22>     |   10.777|
a<3>           |result<23>     |   10.587|
a<3>           |result<24>     |   10.385|
a<3>           |result<25>     |   10.741|
a<3>           |result<26>     |   10.922|
a<3>           |result<27>     |   11.179|
a<3>           |result<28>     |   10.847|
a<3>           |result<29>     |   10.268|
a<3>           |result<30>     |   10.954|
a<3>           |result<31>     |   11.343|
a<4>           |result<17>     |   10.488|
a<4>           |result<18>     |   10.767|
a<4>           |result<19>     |   10.840|
a<4>           |result<20>     |   10.661|
a<4>           |result<21>     |   10.886|
a<4>           |result<22>     |   10.771|
a<4>           |result<23>     |   10.581|
a<4>           |result<24>     |   10.379|
a<4>           |result<25>     |   10.735|
a<4>           |result<26>     |   10.916|
a<4>           |result<27>     |   11.173|
a<4>           |result<28>     |   10.841|
a<4>           |result<29>     |   10.262|
a<4>           |result<30>     |   10.948|
a<4>           |result<31>     |   11.337|
a<5>           |result<17>     |   10.624|
a<5>           |result<18>     |   10.903|
a<5>           |result<19>     |   10.976|
a<5>           |result<20>     |   10.797|
a<5>           |result<21>     |   11.022|
a<5>           |result<22>     |   10.907|
a<5>           |result<23>     |   10.717|
a<5>           |result<24>     |   10.515|
a<5>           |result<25>     |   10.871|
a<5>           |result<26>     |   11.052|
a<5>           |result<27>     |   11.309|
a<5>           |result<28>     |   10.977|
a<5>           |result<29>     |   10.398|
a<5>           |result<30>     |   11.084|
a<5>           |result<31>     |   11.473|
a<6>           |result<17>     |   10.505|
a<6>           |result<18>     |   10.784|
a<6>           |result<19>     |   10.857|
a<6>           |result<20>     |   10.678|
a<6>           |result<21>     |   10.903|
a<6>           |result<22>     |   10.788|
a<6>           |result<23>     |   10.598|
a<6>           |result<24>     |   10.396|
a<6>           |result<25>     |   10.752|
a<6>           |result<26>     |   10.933|
a<6>           |result<27>     |   11.190|
a<6>           |result<28>     |   10.858|
a<6>           |result<29>     |   10.279|
a<6>           |result<30>     |   10.965|
a<6>           |result<31>     |   11.354|
a<7>           |result<17>     |   10.578|
a<7>           |result<18>     |   10.857|
a<7>           |result<19>     |   10.930|
a<7>           |result<20>     |   10.751|
a<7>           |result<21>     |   10.976|
a<7>           |result<22>     |   10.861|
a<7>           |result<23>     |   10.671|
a<7>           |result<24>     |   10.469|
a<7>           |result<25>     |   10.825|
a<7>           |result<26>     |   11.006|
a<7>           |result<27>     |   11.263|
a<7>           |result<28>     |   10.931|
a<7>           |result<29>     |   10.352|
a<7>           |result<30>     |   11.038|
a<7>           |result<31>     |   11.427|
a<8>           |result<17>     |   10.292|
a<8>           |result<18>     |   10.571|
a<8>           |result<19>     |   10.644|
a<8>           |result<20>     |   10.465|
a<8>           |result<21>     |   10.690|
a<8>           |result<22>     |   10.575|
a<8>           |result<23>     |   10.385|
a<8>           |result<24>     |   10.183|
a<8>           |result<25>     |   10.539|
a<8>           |result<26>     |   10.720|
a<8>           |result<27>     |   10.977|
a<8>           |result<28>     |   10.645|
a<8>           |result<29>     |   10.066|
a<8>           |result<30>     |   10.752|
a<8>           |result<31>     |   11.141|
a<9>           |result<17>     |   10.807|
a<9>           |result<18>     |   11.086|
a<9>           |result<19>     |   11.159|
a<9>           |result<20>     |   10.980|
a<9>           |result<21>     |   11.205|
a<9>           |result<22>     |   11.090|
a<9>           |result<23>     |   10.900|
a<9>           |result<24>     |   10.698|
a<9>           |result<25>     |   11.054|
a<9>           |result<26>     |   11.235|
a<9>           |result<27>     |   11.492|
a<9>           |result<28>     |   11.160|
a<9>           |result<29>     |   10.581|
a<9>           |result<30>     |   11.267|
a<9>           |result<31>     |   11.656|
a<10>          |result<17>     |   10.250|
a<10>          |result<18>     |   10.529|
a<10>          |result<19>     |   10.602|
a<10>          |result<20>     |   10.423|
a<10>          |result<21>     |   10.648|
a<10>          |result<22>     |   10.533|
a<10>          |result<23>     |   10.343|
a<10>          |result<24>     |   10.141|
a<10>          |result<25>     |   10.497|
a<10>          |result<26>     |   10.678|
a<10>          |result<27>     |   10.935|
a<10>          |result<28>     |   10.603|
a<10>          |result<29>     |   10.024|
a<10>          |result<30>     |   10.710|
a<10>          |result<31>     |   11.099|
a<11>          |result<17>     |   10.266|
a<11>          |result<18>     |   10.545|
a<11>          |result<19>     |   10.618|
a<11>          |result<20>     |   10.439|
a<11>          |result<21>     |   10.664|
a<11>          |result<22>     |   10.549|
a<11>          |result<23>     |   10.359|
a<11>          |result<24>     |   10.157|
a<11>          |result<25>     |   10.513|
a<11>          |result<26>     |   10.694|
a<11>          |result<27>     |   10.951|
a<11>          |result<28>     |   10.619|
a<11>          |result<29>     |   10.040|
a<11>          |result<30>     |   10.726|
a<11>          |result<31>     |   11.115|
a<12>          |result<17>     |   10.115|
a<12>          |result<18>     |   10.394|
a<12>          |result<19>     |   10.467|
a<12>          |result<20>     |   10.288|
a<12>          |result<21>     |   10.513|
a<12>          |result<22>     |   10.398|
a<12>          |result<23>     |   10.208|
a<12>          |result<24>     |   10.006|
a<12>          |result<25>     |   10.362|
a<12>          |result<26>     |   10.543|
a<12>          |result<27>     |   10.800|
a<12>          |result<28>     |   10.468|
a<12>          |result<29>     |    9.889|
a<12>          |result<30>     |   10.575|
a<12>          |result<31>     |   10.964|
a<13>          |result<17>     |   10.514|
a<13>          |result<18>     |   10.793|
a<13>          |result<19>     |   10.866|
a<13>          |result<20>     |   10.687|
a<13>          |result<21>     |   10.912|
a<13>          |result<22>     |   10.797|
a<13>          |result<23>     |   10.607|
a<13>          |result<24>     |   10.405|
a<13>          |result<25>     |   10.761|
a<13>          |result<26>     |   10.942|
a<13>          |result<27>     |   11.199|
a<13>          |result<28>     |   10.867|
a<13>          |result<29>     |   10.288|
a<13>          |result<30>     |   10.974|
a<13>          |result<31>     |   11.363|
a<14>          |result<17>     |   10.781|
a<14>          |result<18>     |   11.060|
a<14>          |result<19>     |   11.133|
a<14>          |result<20>     |   10.954|
a<14>          |result<21>     |   11.179|
a<14>          |result<22>     |   11.064|
a<14>          |result<23>     |   10.874|
a<14>          |result<24>     |   10.672|
a<14>          |result<25>     |   11.028|
a<14>          |result<26>     |   11.209|
a<14>          |result<27>     |   11.466|
a<14>          |result<28>     |   11.134|
a<14>          |result<29>     |   10.555|
a<14>          |result<30>     |   11.241|
a<14>          |result<31>     |   11.630|
aa<0>          |result<0>      |   10.927|
aa<0>          |result<1>      |   10.355|
aa<0>          |result<2>      |   10.334|
aa<0>          |result<3>      |   10.756|
aa<0>          |result<4>      |   10.362|
aa<0>          |result<5>      |   10.654|
aa<0>          |result<6>      |   10.242|
aa<0>          |result<7>      |   10.903|
aa<0>          |result<8>      |   10.611|
aa<0>          |result<9>      |   10.504|
aa<0>          |result<10>     |   10.386|
aa<0>          |result<11>     |   10.645|
aa<0>          |result<12>     |   11.078|
aa<0>          |result<13>     |   10.623|
aa<0>          |result<14>     |   10.650|
aa<0>          |result<15>     |   10.963|
aa<0>          |result<16>     |   10.640|
aa<1>          |result<0>      |   10.833|
aa<1>          |result<1>      |   10.261|
aa<1>          |result<2>      |   10.240|
aa<1>          |result<3>      |   10.662|
aa<1>          |result<4>      |   10.268|
aa<1>          |result<5>      |   10.560|
aa<1>          |result<6>      |   10.148|
aa<1>          |result<7>      |   10.809|
aa<1>          |result<8>      |   10.517|
aa<1>          |result<9>      |   10.410|
aa<1>          |result<10>     |   10.292|
aa<1>          |result<11>     |   10.551|
aa<1>          |result<12>     |   10.984|
aa<1>          |result<13>     |   10.529|
aa<1>          |result<14>     |   10.556|
aa<1>          |result<15>     |   10.869|
aa<1>          |result<16>     |   10.546|
aa<2>          |result<0>      |   10.851|
aa<2>          |result<1>      |   10.279|
aa<2>          |result<2>      |   10.258|
aa<2>          |result<3>      |   10.680|
aa<2>          |result<4>      |   10.286|
aa<2>          |result<5>      |   10.578|
aa<2>          |result<6>      |   10.166|
aa<2>          |result<7>      |   10.827|
aa<2>          |result<8>      |   10.535|
aa<2>          |result<9>      |   10.428|
aa<2>          |result<10>     |   10.310|
aa<2>          |result<11>     |   10.569|
aa<2>          |result<12>     |   11.002|
aa<2>          |result<13>     |   10.547|
aa<2>          |result<14>     |   10.574|
aa<2>          |result<15>     |   10.887|
aa<2>          |result<16>     |   10.564|
aa<3>          |result<0>      |   10.853|
aa<3>          |result<1>      |   10.281|
aa<3>          |result<2>      |   10.260|
aa<3>          |result<3>      |   10.682|
aa<3>          |result<4>      |   10.288|
aa<3>          |result<5>      |   10.580|
aa<3>          |result<6>      |   10.168|
aa<3>          |result<7>      |   10.829|
aa<3>          |result<8>      |   10.537|
aa<3>          |result<9>      |   10.430|
aa<3>          |result<10>     |   10.312|
aa<3>          |result<11>     |   10.571|
aa<3>          |result<12>     |   11.004|
aa<3>          |result<13>     |   10.549|
aa<3>          |result<14>     |   10.576|
aa<3>          |result<15>     |   10.889|
aa<3>          |result<16>     |   10.566|
aa<4>          |result<0>      |   10.784|
aa<4>          |result<1>      |   10.212|
aa<4>          |result<2>      |   10.191|
aa<4>          |result<3>      |   10.613|
aa<4>          |result<4>      |   10.219|
aa<4>          |result<5>      |   10.511|
aa<4>          |result<6>      |   10.099|
aa<4>          |result<7>      |   10.760|
aa<4>          |result<8>      |   10.468|
aa<4>          |result<9>      |   10.361|
aa<4>          |result<10>     |   10.243|
aa<4>          |result<11>     |   10.502|
aa<4>          |result<12>     |   10.935|
aa<4>          |result<13>     |   10.480|
aa<4>          |result<14>     |   10.507|
aa<4>          |result<15>     |   10.820|
aa<4>          |result<16>     |   10.497|
aa<5>          |result<0>      |   10.706|
aa<5>          |result<1>      |   10.134|
aa<5>          |result<2>      |   10.113|
aa<5>          |result<3>      |   10.535|
aa<5>          |result<4>      |   10.141|
aa<5>          |result<5>      |   10.433|
aa<5>          |result<6>      |   10.021|
aa<5>          |result<7>      |   10.682|
aa<5>          |result<8>      |   10.390|
aa<5>          |result<9>      |   10.283|
aa<5>          |result<10>     |   10.165|
aa<5>          |result<11>     |   10.424|
aa<5>          |result<12>     |   10.857|
aa<5>          |result<13>     |   10.402|
aa<5>          |result<14>     |   10.429|
aa<5>          |result<15>     |   10.742|
aa<5>          |result<16>     |   10.419|
aa<6>          |result<0>      |   10.702|
aa<6>          |result<1>      |   10.130|
aa<6>          |result<2>      |   10.109|
aa<6>          |result<3>      |   10.531|
aa<6>          |result<4>      |   10.137|
aa<6>          |result<5>      |   10.429|
aa<6>          |result<6>      |   10.017|
aa<6>          |result<7>      |   10.678|
aa<6>          |result<8>      |   10.386|
aa<6>          |result<9>      |   10.279|
aa<6>          |result<10>     |   10.161|
aa<6>          |result<11>     |   10.420|
aa<6>          |result<12>     |   10.853|
aa<6>          |result<13>     |   10.398|
aa<6>          |result<14>     |   10.425|
aa<6>          |result<15>     |   10.738|
aa<6>          |result<16>     |   10.415|
aa<7>          |result<0>      |   10.696|
aa<7>          |result<1>      |   10.124|
aa<7>          |result<2>      |   10.103|
aa<7>          |result<3>      |   10.525|
aa<7>          |result<4>      |   10.131|
aa<7>          |result<5>      |   10.423|
aa<7>          |result<6>      |   10.011|
aa<7>          |result<7>      |   10.672|
aa<7>          |result<8>      |   10.380|
aa<7>          |result<9>      |   10.273|
aa<7>          |result<10>     |   10.155|
aa<7>          |result<11>     |   10.414|
aa<7>          |result<12>     |   10.847|
aa<7>          |result<13>     |   10.392|
aa<7>          |result<14>     |   10.419|
aa<7>          |result<15>     |   10.732|
aa<7>          |result<16>     |   10.409|
aa<8>          |result<0>      |   10.619|
aa<8>          |result<1>      |   10.047|
aa<8>          |result<2>      |   10.026|
aa<8>          |result<3>      |   10.448|
aa<8>          |result<4>      |   10.054|
aa<8>          |result<5>      |   10.346|
aa<8>          |result<6>      |    9.934|
aa<8>          |result<7>      |   10.595|
aa<8>          |result<8>      |   10.303|
aa<8>          |result<9>      |   10.196|
aa<8>          |result<10>     |   10.078|
aa<8>          |result<11>     |   10.337|
aa<8>          |result<12>     |   10.770|
aa<8>          |result<13>     |   10.315|
aa<8>          |result<14>     |   10.342|
aa<8>          |result<15>     |   10.655|
aa<8>          |result<16>     |   10.332|
aa<9>          |result<0>      |   10.501|
aa<9>          |result<1>      |    9.929|
aa<9>          |result<2>      |    9.908|
aa<9>          |result<3>      |   10.330|
aa<9>          |result<4>      |    9.936|
aa<9>          |result<5>      |   10.228|
aa<9>          |result<6>      |    9.816|
aa<9>          |result<7>      |   10.477|
aa<9>          |result<8>      |   10.185|
aa<9>          |result<9>      |   10.078|
aa<9>          |result<10>     |    9.960|
aa<9>          |result<11>     |   10.219|
aa<9>          |result<12>     |   10.652|
aa<9>          |result<13>     |   10.197|
aa<9>          |result<14>     |   10.224|
aa<9>          |result<15>     |   10.537|
aa<9>          |result<16>     |   10.214|
aa<10>         |result<0>      |   10.486|
aa<10>         |result<1>      |    9.914|
aa<10>         |result<2>      |    9.893|
aa<10>         |result<3>      |   10.315|
aa<10>         |result<4>      |    9.921|
aa<10>         |result<5>      |   10.213|
aa<10>         |result<6>      |    9.801|
aa<10>         |result<7>      |   10.462|
aa<10>         |result<8>      |   10.170|
aa<10>         |result<9>      |   10.063|
aa<10>         |result<10>     |    9.945|
aa<10>         |result<11>     |   10.204|
aa<10>         |result<12>     |   10.637|
aa<10>         |result<13>     |   10.182|
aa<10>         |result<14>     |   10.209|
aa<10>         |result<15>     |   10.522|
aa<10>         |result<16>     |   10.199|
aa<11>         |result<0>      |   10.500|
aa<11>         |result<1>      |    9.928|
aa<11>         |result<2>      |    9.907|
aa<11>         |result<3>      |   10.329|
aa<11>         |result<4>      |    9.935|
aa<11>         |result<5>      |   10.227|
aa<11>         |result<6>      |    9.815|
aa<11>         |result<7>      |   10.476|
aa<11>         |result<8>      |   10.184|
aa<11>         |result<9>      |   10.077|
aa<11>         |result<10>     |    9.959|
aa<11>         |result<11>     |   10.218|
aa<11>         |result<12>     |   10.651|
aa<11>         |result<13>     |   10.196|
aa<11>         |result<14>     |   10.223|
aa<11>         |result<15>     |   10.536|
aa<11>         |result<16>     |   10.213|
aa<12>         |result<0>      |   10.443|
aa<12>         |result<1>      |    9.871|
aa<12>         |result<2>      |    9.850|
aa<12>         |result<3>      |   10.272|
aa<12>         |result<4>      |    9.878|
aa<12>         |result<5>      |   10.170|
aa<12>         |result<6>      |    9.758|
aa<12>         |result<7>      |   10.419|
aa<12>         |result<8>      |   10.127|
aa<12>         |result<9>      |   10.020|
aa<12>         |result<10>     |    9.902|
aa<12>         |result<11>     |   10.161|
aa<12>         |result<12>     |   10.594|
aa<12>         |result<13>     |   10.139|
aa<12>         |result<14>     |   10.166|
aa<12>         |result<15>     |   10.479|
aa<12>         |result<16>     |   10.156|
aa<13>         |result<0>      |   10.253|
aa<13>         |result<1>      |    9.681|
aa<13>         |result<2>      |    9.660|
aa<13>         |result<3>      |   10.082|
aa<13>         |result<4>      |    9.688|
aa<13>         |result<5>      |    9.980|
aa<13>         |result<6>      |    9.568|
aa<13>         |result<7>      |   10.229|
aa<13>         |result<8>      |    9.937|
aa<13>         |result<9>      |    9.830|
aa<13>         |result<10>     |    9.712|
aa<13>         |result<11>     |    9.971|
aa<13>         |result<12>     |   10.404|
aa<13>         |result<13>     |    9.949|
aa<13>         |result<14>     |    9.976|
aa<13>         |result<15>     |   10.289|
aa<13>         |result<16>     |    9.966|
aa<14>         |result<0>      |   10.445|
aa<14>         |result<1>      |    9.873|
aa<14>         |result<2>      |    9.852|
aa<14>         |result<3>      |   10.274|
aa<14>         |result<4>      |    9.880|
aa<14>         |result<5>      |   10.172|
aa<14>         |result<6>      |    9.760|
aa<14>         |result<7>      |   10.421|
aa<14>         |result<8>      |   10.129|
aa<14>         |result<9>      |   10.022|
aa<14>         |result<10>     |    9.904|
aa<14>         |result<11>     |   10.163|
aa<14>         |result<12>     |   10.596|
aa<14>         |result<13>     |   10.141|
aa<14>         |result<14>     |   10.168|
aa<14>         |result<15>     |   10.481|
aa<14>         |result<16>     |   10.158|
aa<15>         |result<0>      |   10.349|
aa<15>         |result<1>      |    9.777|
aa<15>         |result<2>      |    9.756|
aa<15>         |result<3>      |   10.178|
aa<15>         |result<4>      |    9.784|
aa<15>         |result<5>      |   10.076|
aa<15>         |result<6>      |    9.664|
aa<15>         |result<7>      |   10.325|
aa<15>         |result<8>      |   10.033|
aa<15>         |result<9>      |    9.926|
aa<15>         |result<10>     |    9.808|
aa<15>         |result<11>     |   10.067|
aa<15>         |result<12>     |   10.500|
aa<15>         |result<13>     |   10.045|
aa<15>         |result<14>     |   10.072|
aa<15>         |result<15>     |   10.385|
aa<15>         |result<16>     |   10.062|
aa<16>         |result<0>      |   10.344|
aa<16>         |result<1>      |    9.772|
aa<16>         |result<2>      |    9.751|
aa<16>         |result<3>      |   10.173|
aa<16>         |result<4>      |    9.779|
aa<16>         |result<5>      |   10.071|
aa<16>         |result<6>      |    9.659|
aa<16>         |result<7>      |   10.320|
aa<16>         |result<8>      |   10.028|
aa<16>         |result<9>      |    9.921|
aa<16>         |result<10>     |    9.803|
aa<16>         |result<11>     |   10.062|
aa<16>         |result<12>     |   10.495|
aa<16>         |result<13>     |   10.040|
aa<16>         |result<14>     |   10.067|
aa<16>         |result<15>     |   10.380|
aa<16>         |result<16>     |   10.057|
b<0>           |result<0>      |    9.093|
b<0>           |result<1>      |    8.779|
b<0>           |result<2>      |    9.260|
b<0>           |result<3>      |    9.163|
b<0>           |result<4>      |    9.241|
b<0>           |result<5>      |    8.996|
b<0>           |result<6>      |    8.727|
b<0>           |result<7>      |    9.256|
b<0>           |result<8>      |    9.408|
b<0>           |result<9>      |    9.339|
b<0>           |result<10>     |    8.964|
b<0>           |result<11>     |    9.804|
b<0>           |result<12>     |    9.916|
b<0>           |result<13>     |    9.743|
b<0>           |result<14>     |    9.552|
b<0>           |result<15>     |    9.477|
b<0>           |result<16>     |    9.678|
b<0>           |result<17>     |   10.994|
b<0>           |result<18>     |   11.273|
b<0>           |result<19>     |   11.346|
b<0>           |result<20>     |   11.167|
b<0>           |result<21>     |   11.392|
b<0>           |result<22>     |   11.277|
b<0>           |result<23>     |   11.087|
b<0>           |result<24>     |   10.885|
b<0>           |result<25>     |   11.241|
b<0>           |result<26>     |   11.422|
b<0>           |result<27>     |   11.679|
b<0>           |result<28>     |   11.347|
b<0>           |result<29>     |   10.768|
b<0>           |result<30>     |   11.454|
b<0>           |result<31>     |   11.843|
b<1>           |result<1>      |    8.514|
b<1>           |result<2>      |    9.026|
b<1>           |result<3>      |    9.057|
b<1>           |result<4>      |    9.004|
b<1>           |result<5>      |    8.777|
b<1>           |result<6>      |    8.583|
b<1>           |result<7>      |    9.019|
b<1>           |result<8>      |    9.171|
b<1>           |result<9>      |    9.225|
b<1>           |result<10>     |    8.741|
b<1>           |result<11>     |    9.567|
b<1>           |result<12>     |    9.679|
b<1>           |result<13>     |    9.506|
b<1>           |result<14>     |    9.438|
b<1>           |result<15>     |    9.240|
b<1>           |result<16>     |    9.441|
b<1>           |result<17>     |   10.755|
b<1>           |result<18>     |   11.034|
b<1>           |result<19>     |   11.107|
b<1>           |result<20>     |   10.928|
b<1>           |result<21>     |   11.153|
b<1>           |result<22>     |   11.038|
b<1>           |result<23>     |   10.848|
b<1>           |result<24>     |   10.646|
b<1>           |result<25>     |   11.002|
b<1>           |result<26>     |   11.183|
b<1>           |result<27>     |   11.440|
b<1>           |result<28>     |   11.108|
b<1>           |result<29>     |   10.529|
b<1>           |result<30>     |   11.215|
b<1>           |result<31>     |   11.604|
b<2>           |result<2>      |    8.575|
b<2>           |result<3>      |    8.874|
b<2>           |result<4>      |    8.568|
b<2>           |result<5>      |    8.693|
b<2>           |result<6>      |    8.499|
b<2>           |result<7>      |    8.806|
b<2>           |result<8>      |    8.735|
b<2>           |result<9>      |    9.141|
b<2>           |result<10>     |    8.657|
b<2>           |result<11>     |    9.173|
b<2>           |result<12>     |    9.345|
b<2>           |result<13>     |    9.411|
b<2>           |result<14>     |    9.354|
b<2>           |result<15>     |    9.029|
b<2>           |result<16>     |    9.005|
b<2>           |result<17>     |   10.881|
b<2>           |result<18>     |   11.160|
b<2>           |result<19>     |   11.233|
b<2>           |result<20>     |   11.054|
b<2>           |result<21>     |   11.279|
b<2>           |result<22>     |   11.164|
b<2>           |result<23>     |   10.974|
b<2>           |result<24>     |   10.772|
b<2>           |result<25>     |   11.128|
b<2>           |result<26>     |   11.309|
b<2>           |result<27>     |   11.566|
b<2>           |result<28>     |   11.234|
b<2>           |result<29>     |   10.655|
b<2>           |result<30>     |   11.341|
b<2>           |result<31>     |   11.730|
b<3>           |result<3>      |    9.594|
b<3>           |result<4>      |    9.363|
b<3>           |result<5>      |    9.491|
b<3>           |result<6>      |    9.297|
b<3>           |result<7>      |    9.604|
b<3>           |result<8>      |    9.530|
b<3>           |result<9>      |    9.939|
b<3>           |result<10>     |    9.455|
b<3>           |result<11>     |    9.971|
b<3>           |result<12>     |   10.143|
b<3>           |result<13>     |   10.209|
b<3>           |result<14>     |   10.152|
b<3>           |result<15>     |    9.827|
b<3>           |result<16>     |    9.800|
b<3>           |result<17>     |   10.398|
b<3>           |result<18>     |   10.677|
b<3>           |result<19>     |   10.750|
b<3>           |result<20>     |   10.571|
b<3>           |result<21>     |   10.796|
b<3>           |result<22>     |   10.681|
b<3>           |result<23>     |   10.491|
b<3>           |result<24>     |   10.289|
b<3>           |result<25>     |   10.645|
b<3>           |result<26>     |   10.826|
b<3>           |result<27>     |   11.083|
b<3>           |result<28>     |   10.751|
b<3>           |result<29>     |   10.172|
b<3>           |result<30>     |   10.858|
b<3>           |result<31>     |   11.247|
b<4>           |result<4>      |    8.308|
b<4>           |result<5>      |    8.460|
b<4>           |result<6>      |    8.419|
b<4>           |result<7>      |    8.718|
b<4>           |result<8>      |    8.729|
b<4>           |result<9>      |    9.141|
b<4>           |result<10>     |    8.657|
b<4>           |result<11>     |    9.173|
b<4>           |result<12>     |    9.345|
b<4>           |result<13>     |    9.411|
b<4>           |result<14>     |    9.354|
b<4>           |result<15>     |    9.029|
b<4>           |result<16>     |    9.002|
b<4>           |result<17>     |   10.849|
b<4>           |result<18>     |   11.128|
b<4>           |result<19>     |   11.201|
b<4>           |result<20>     |   11.022|
b<4>           |result<21>     |   11.247|
b<4>           |result<22>     |   11.132|
b<4>           |result<23>     |   10.942|
b<4>           |result<24>     |   10.740|
b<4>           |result<25>     |   11.096|
b<4>           |result<26>     |   11.277|
b<4>           |result<27>     |   11.534|
b<4>           |result<28>     |   11.202|
b<4>           |result<29>     |   10.623|
b<4>           |result<30>     |   11.309|
b<4>           |result<31>     |   11.698|
b<5>           |result<5>      |    8.411|
b<5>           |result<6>      |    8.446|
b<5>           |result<7>      |    8.967|
b<5>           |result<8>      |    9.185|
b<5>           |result<9>      |    9.118|
b<5>           |result<10>     |    8.741|
b<5>           |result<11>     |    9.581|
b<5>           |result<12>     |    9.693|
b<5>           |result<13>     |    9.520|
b<5>           |result<14>     |    9.331|
b<5>           |result<15>     |    9.254|
b<5>           |result<16>     |    9.455|
b<5>           |result<17>     |   10.849|
b<5>           |result<18>     |   11.128|
b<5>           |result<19>     |   11.201|
b<5>           |result<20>     |   11.022|
b<5>           |result<21>     |   11.247|
b<5>           |result<22>     |   11.132|
b<5>           |result<23>     |   10.942|
b<5>           |result<24>     |   10.740|
b<5>           |result<25>     |   11.096|
b<5>           |result<26>     |   11.277|
b<5>           |result<27>     |   11.534|
b<5>           |result<28>     |   11.202|
b<5>           |result<29>     |   10.623|
b<5>           |result<30>     |   11.309|
b<5>           |result<31>     |   11.698|
b<6>           |result<6>      |    9.103|
b<6>           |result<7>      |    9.435|
b<6>           |result<8>      |    9.712|
b<6>           |result<9>      |    9.949|
b<6>           |result<10>     |    9.465|
b<6>           |result<11>     |   10.108|
b<6>           |result<12>     |   10.220|
b<6>           |result<13>     |   10.219|
b<6>           |result<14>     |   10.162|
b<6>           |result<15>     |    9.837|
b<6>           |result<16>     |    9.982|
b<6>           |result<17>     |   10.519|
b<6>           |result<18>     |   10.798|
b<6>           |result<19>     |   10.871|
b<6>           |result<20>     |   10.692|
b<6>           |result<21>     |   10.917|
b<6>           |result<22>     |   10.802|
b<6>           |result<23>     |   10.612|
b<6>           |result<24>     |   10.410|
b<6>           |result<25>     |   10.766|
b<6>           |result<26>     |   10.947|
b<6>           |result<27>     |   11.204|
b<6>           |result<28>     |   10.872|
b<6>           |result<29>     |   10.293|
b<6>           |result<30>     |   10.979|
b<6>           |result<31>     |   11.368|
b<7>           |result<7>      |    9.209|
b<7>           |result<8>      |    9.389|
b<7>           |result<9>      |    9.801|
b<7>           |result<10>     |    9.317|
b<7>           |result<11>     |    9.833|
b<7>           |result<12>     |   10.005|
b<7>           |result<13>     |   10.071|
b<7>           |result<14>     |   10.014|
b<7>           |result<15>     |    9.689|
b<7>           |result<16>     |    9.662|
b<7>           |result<17>     |   10.497|
b<7>           |result<18>     |   10.776|
b<7>           |result<19>     |   10.849|
b<7>           |result<20>     |   10.670|
b<7>           |result<21>     |   10.895|
b<7>           |result<22>     |   10.780|
b<7>           |result<23>     |   10.590|
b<7>           |result<24>     |   10.388|
b<7>           |result<25>     |   10.744|
b<7>           |result<26>     |   10.925|
b<7>           |result<27>     |   11.182|
b<7>           |result<28>     |   10.850|
b<7>           |result<29>     |   10.271|
b<7>           |result<30>     |   10.957|
b<7>           |result<31>     |   11.346|
b<8>           |result<8>      |    8.491|
b<8>           |result<9>      |    8.449|
b<8>           |result<10>     |    8.240|
b<8>           |result<11>     |    9.071|
b<8>           |result<12>     |    9.253|
b<8>           |result<13>     |    9.080|
b<8>           |result<14>     |    8.895|
b<8>           |result<15>     |    8.814|
b<8>           |result<16>     |    9.015|
b<8>           |result<17>     |   10.543|
b<8>           |result<18>     |   10.822|
b<8>           |result<19>     |   10.895|
b<8>           |result<20>     |   10.716|
b<8>           |result<21>     |   10.941|
b<8>           |result<22>     |   10.826|
b<8>           |result<23>     |   10.636|
b<8>           |result<24>     |   10.434|
b<8>           |result<25>     |   10.790|
b<8>           |result<26>     |   10.971|
b<8>           |result<27>     |   11.228|
b<8>           |result<28>     |   10.896|
b<8>           |result<29>     |   10.317|
b<8>           |result<30>     |   11.003|
b<8>           |result<31>     |   11.392|
b<9>           |result<9>      |    8.458|
b<9>           |result<10>     |    8.286|
b<9>           |result<11>     |    8.937|
b<9>           |result<12>     |    9.115|
b<9>           |result<13>     |    9.112|
b<9>           |result<14>     |    9.055|
b<9>           |result<15>     |    8.730|
b<9>           |result<16>     |    8.877|
b<9>           |result<17>     |   10.533|
b<9>           |result<18>     |   10.812|
b<9>           |result<19>     |   10.885|
b<9>           |result<20>     |   10.706|
b<9>           |result<21>     |   10.931|
b<9>           |result<22>     |   10.816|
b<9>           |result<23>     |   10.626|
b<9>           |result<24>     |   10.424|
b<9>           |result<25>     |   10.780|
b<9>           |result<26>     |   10.961|
b<9>           |result<27>     |   11.218|
b<9>           |result<28>     |   10.886|
b<9>           |result<29>     |   10.307|
b<9>           |result<30>     |   10.993|
b<9>           |result<31>     |   11.382|
b<10>          |result<10>     |    7.933|
b<10>          |result<11>     |    8.474|
b<10>          |result<12>     |    8.825|
b<10>          |result<13>     |    8.891|
b<10>          |result<14>     |    8.834|
b<10>          |result<15>     |    8.509|
b<10>          |result<16>     |    8.482|
b<10>          |result<17>     |   10.551|
b<10>          |result<18>     |   10.830|
b<10>          |result<19>     |   10.903|
b<10>          |result<20>     |   10.724|
b<10>          |result<21>     |   10.949|
b<10>          |result<22>     |   10.834|
b<10>          |result<23>     |   10.644|
b<10>          |result<24>     |   10.442|
b<10>          |result<25>     |   10.798|
b<10>          |result<26>     |   10.979|
b<10>          |result<27>     |   11.236|
b<10>          |result<28>     |   10.904|
b<10>          |result<29>     |   10.325|
b<10>          |result<30>     |   11.011|
b<10>          |result<31>     |   11.400|
b<11>          |result<11>     |    8.577|
b<11>          |result<12>     |    9.006|
b<11>          |result<13>     |    9.072|
b<11>          |result<14>     |    9.015|
b<11>          |result<15>     |    8.690|
b<11>          |result<16>     |    8.663|
b<11>          |result<17>     |   10.424|
b<11>          |result<18>     |   10.703|
b<11>          |result<19>     |   10.776|
b<11>          |result<20>     |   10.597|
b<11>          |result<21>     |   10.822|
b<11>          |result<22>     |   10.707|
b<11>          |result<23>     |   10.517|
b<11>          |result<24>     |   10.315|
b<11>          |result<25>     |   10.671|
b<11>          |result<26>     |   10.852|
b<11>          |result<27>     |   11.109|
b<11>          |result<28>     |   10.777|
b<11>          |result<29>     |   10.198|
b<11>          |result<30>     |   10.884|
b<11>          |result<31>     |   11.273|
b<12>          |result<12>     |    8.713|
b<12>          |result<13>     |    8.824|
b<12>          |result<14>     |    8.920|
b<12>          |result<15>     |    8.587|
b<12>          |result<16>     |    8.648|
b<12>          |result<17>     |   10.759|
b<12>          |result<18>     |   11.038|
b<12>          |result<19>     |   11.111|
b<12>          |result<20>     |   10.932|
b<12>          |result<21>     |   11.157|
b<12>          |result<22>     |   11.042|
b<12>          |result<23>     |   10.852|
b<12>          |result<24>     |   10.650|
b<12>          |result<25>     |   11.006|
b<12>          |result<26>     |   11.187|
b<12>          |result<27>     |   11.444|
b<12>          |result<28>     |   11.112|
b<12>          |result<29>     |   10.533|
b<12>          |result<30>     |   11.219|
b<12>          |result<31>     |   11.608|
b<13>          |result<13>     |    8.553|
b<13>          |result<14>     |    8.808|
b<13>          |result<15>     |    8.475|
b<13>          |result<16>     |    8.528|
b<13>          |result<17>     |   10.744|
b<13>          |result<18>     |   11.023|
b<13>          |result<19>     |   11.096|
b<13>          |result<20>     |   10.917|
b<13>          |result<21>     |   11.142|
b<13>          |result<22>     |   11.027|
b<13>          |result<23>     |   10.837|
b<13>          |result<24>     |   10.635|
b<13>          |result<25>     |   10.991|
b<13>          |result<26>     |   11.172|
b<13>          |result<27>     |   11.429|
b<13>          |result<28>     |   11.097|
b<13>          |result<29>     |   10.518|
b<13>          |result<30>     |   11.204|
b<13>          |result<31>     |   11.593|
b<14>          |result<14>     |    9.885|
b<14>          |result<15>     |    9.711|
b<14>          |result<16>     |   10.077|
b<14>          |result<17>     |   10.798|
b<14>          |result<18>     |   11.077|
b<14>          |result<19>     |   11.150|
b<14>          |result<20>     |   10.971|
b<14>          |result<21>     |   11.196|
b<14>          |result<22>     |   11.081|
b<14>          |result<23>     |   10.891|
b<14>          |result<24>     |   10.689|
b<14>          |result<25>     |   11.045|
b<14>          |result<26>     |   11.226|
b<14>          |result<27>     |   11.483|
b<14>          |result<28>     |   11.151|
b<14>          |result<29>     |   10.572|
b<14>          |result<30>     |   11.258|
b<14>          |result<31>     |   11.647|
b<15>          |result<15>     |    8.346|
b<15>          |result<16>     |    8.749|
b<16>          |result<16>     |    8.139|
bb<0>          |result<0>      |   10.483|
bb<0>          |result<1>      |    9.911|
bb<0>          |result<2>      |    9.890|
bb<0>          |result<3>      |   10.312|
bb<0>          |result<4>      |    9.918|
bb<0>          |result<5>      |   10.210|
bb<0>          |result<6>      |    9.798|
bb<0>          |result<7>      |   10.459|
bb<0>          |result<8>      |   10.167|
bb<0>          |result<9>      |   10.060|
bb<0>          |result<10>     |    9.942|
bb<0>          |result<11>     |   10.201|
bb<0>          |result<12>     |   10.634|
bb<0>          |result<13>     |   10.179|
bb<0>          |result<14>     |   10.206|
bb<0>          |result<15>     |   10.519|
bb<0>          |result<16>     |   10.196|
bb<0>          |result<17>     |    8.295|
bb<0>          |result<18>     |    8.598|
bb<0>          |result<19>     |    8.538|
bb<0>          |result<20>     |    8.697|
bb<0>          |result<21>     |    9.012|
bb<0>          |result<22>     |    8.641|
bb<0>          |result<23>     |    8.370|
bb<0>          |result<24>     |    8.865|
bb<0>          |result<25>     |    8.950|
bb<0>          |result<26>     |    9.245|
bb<0>          |result<27>     |    9.064|
bb<0>          |result<28>     |    9.264|
bb<0>          |result<29>     |    9.015|
bb<0>          |result<30>     |    8.916|
bb<0>          |result<31>     |    9.314|
bb<1>          |result<0>      |   10.496|
bb<1>          |result<1>      |    9.924|
bb<1>          |result<2>      |    9.903|
bb<1>          |result<3>      |   10.325|
bb<1>          |result<4>      |    9.931|
bb<1>          |result<5>      |   10.223|
bb<1>          |result<6>      |    9.811|
bb<1>          |result<7>      |   10.472|
bb<1>          |result<8>      |   10.180|
bb<1>          |result<9>      |   10.073|
bb<1>          |result<10>     |    9.955|
bb<1>          |result<11>     |   10.214|
bb<1>          |result<12>     |   10.647|
bb<1>          |result<13>     |   10.192|
bb<1>          |result<14>     |   10.219|
bb<1>          |result<15>     |   10.532|
bb<1>          |result<16>     |   10.209|
bb<1>          |result<18>     |    8.992|
bb<1>          |result<19>     |    8.999|
bb<1>          |result<20>     |    9.250|
bb<1>          |result<21>     |    9.557|
bb<1>          |result<22>     |    9.186|
bb<1>          |result<23>     |    8.915|
bb<1>          |result<24>     |    9.349|
bb<1>          |result<25>     |    9.495|
bb<1>          |result<26>     |    9.703|
bb<1>          |result<27>     |    9.522|
bb<1>          |result<28>     |    9.722|
bb<1>          |result<29>     |    9.560|
bb<1>          |result<30>     |    9.374|
bb<1>          |result<31>     |    9.772|
bb<2>          |result<0>      |   10.519|
bb<2>          |result<1>      |    9.947|
bb<2>          |result<2>      |    9.926|
bb<2>          |result<3>      |   10.348|
bb<2>          |result<4>      |    9.954|
bb<2>          |result<5>      |   10.246|
bb<2>          |result<6>      |    9.834|
bb<2>          |result<7>      |   10.495|
bb<2>          |result<8>      |   10.203|
bb<2>          |result<9>      |   10.096|
bb<2>          |result<10>     |    9.978|
bb<2>          |result<11>     |   10.237|
bb<2>          |result<12>     |   10.670|
bb<2>          |result<13>     |   10.215|
bb<2>          |result<14>     |   10.242|
bb<2>          |result<15>     |   10.555|
bb<2>          |result<16>     |   10.232|
bb<2>          |result<19>     |    8.558|
bb<2>          |result<20>     |    8.828|
bb<2>          |result<21>     |    9.234|
bb<2>          |result<22>     |    8.863|
bb<2>          |result<23>     |    8.592|
bb<2>          |result<24>     |    9.026|
bb<2>          |result<25>     |    9.172|
bb<2>          |result<26>     |    9.390|
bb<2>          |result<27>     |    9.209|
bb<2>          |result<28>     |    9.409|
bb<2>          |result<29>     |    9.237|
bb<2>          |result<30>     |    9.061|
bb<2>          |result<31>     |    9.459|
bb<3>          |result<0>      |   11.171|
bb<3>          |result<1>      |   10.599|
bb<3>          |result<2>      |   10.578|
bb<3>          |result<3>      |   11.000|
bb<3>          |result<4>      |   10.606|
bb<3>          |result<5>      |   10.898|
bb<3>          |result<6>      |   10.486|
bb<3>          |result<7>      |   11.147|
bb<3>          |result<8>      |   10.855|
bb<3>          |result<9>      |   10.748|
bb<3>          |result<10>     |   10.630|
bb<3>          |result<11>     |   10.889|
bb<3>          |result<12>     |   11.322|
bb<3>          |result<13>     |   10.867|
bb<3>          |result<14>     |   10.894|
bb<3>          |result<15>     |   11.207|
bb<3>          |result<16>     |   10.884|
bb<3>          |result<20>     |    8.289|
bb<3>          |result<21>     |    8.737|
bb<3>          |result<22>     |    8.366|
bb<3>          |result<23>     |    8.095|
bb<3>          |result<24>     |    8.650|
bb<3>          |result<25>     |    8.675|
bb<3>          |result<26>     |    9.030|
bb<3>          |result<27>     |    8.849|
bb<3>          |result<28>     |    9.049|
bb<3>          |result<29>     |    8.740|
bb<3>          |result<30>     |    8.701|
bb<3>          |result<31>     |    9.099|
bb<4>          |result<0>      |   11.400|
bb<4>          |result<1>      |   10.828|
bb<4>          |result<2>      |   10.807|
bb<4>          |result<3>      |   11.229|
bb<4>          |result<4>      |   10.835|
bb<4>          |result<5>      |   11.127|
bb<4>          |result<6>      |   10.715|
bb<4>          |result<7>      |   11.376|
bb<4>          |result<8>      |   11.084|
bb<4>          |result<9>      |   10.977|
bb<4>          |result<10>     |   10.859|
bb<4>          |result<11>     |   11.118|
bb<4>          |result<12>     |   11.551|
bb<4>          |result<13>     |   11.096|
bb<4>          |result<14>     |   11.123|
bb<4>          |result<15>     |   11.436|
bb<4>          |result<16>     |   11.113|
bb<4>          |result<21>     |    8.098|
bb<4>          |result<22>     |    7.880|
bb<4>          |result<23>     |    7.765|
bb<4>          |result<24>     |    8.454|
bb<4>          |result<25>     |    8.314|
bb<4>          |result<26>     |    8.904|
bb<4>          |result<27>     |    8.723|
bb<4>          |result<28>     |    8.923|
bb<4>          |result<29>     |    8.587|
bb<4>          |result<30>     |    8.575|
bb<4>          |result<31>     |    8.973|
bb<5>          |result<0>      |   11.206|
bb<5>          |result<1>      |   10.634|
bb<5>          |result<2>      |   10.613|
bb<5>          |result<3>      |   11.035|
bb<5>          |result<4>      |   10.641|
bb<5>          |result<5>      |   10.933|
bb<5>          |result<6>      |   10.521|
bb<5>          |result<7>      |   11.182|
bb<5>          |result<8>      |   10.890|
bb<5>          |result<9>      |   10.783|
bb<5>          |result<10>     |   10.665|
bb<5>          |result<11>     |   10.924|
bb<5>          |result<12>     |   11.357|
bb<5>          |result<13>     |   10.902|
bb<5>          |result<14>     |   10.929|
bb<5>          |result<15>     |   11.242|
bb<5>          |result<16>     |   10.919|
bb<5>          |result<22>     |    7.993|
bb<5>          |result<23>     |    8.034|
bb<5>          |result<24>     |    8.564|
bb<5>          |result<25>     |    8.686|
bb<5>          |result<26>     |    9.010|
bb<5>          |result<27>     |    8.829|
bb<5>          |result<28>     |    9.029|
bb<5>          |result<29>     |    8.751|
bb<5>          |result<30>     |    8.681|
bb<5>          |result<31>     |    9.079|
bb<6>          |result<0>      |   11.251|
bb<6>          |result<1>      |   10.679|
bb<6>          |result<2>      |   10.658|
bb<6>          |result<3>      |   11.080|
bb<6>          |result<4>      |   10.686|
bb<6>          |result<5>      |   10.978|
bb<6>          |result<6>      |   10.566|
bb<6>          |result<7>      |   11.227|
bb<6>          |result<8>      |   10.935|
bb<6>          |result<9>      |   10.828|
bb<6>          |result<10>     |   10.710|
bb<6>          |result<11>     |   10.969|
bb<6>          |result<12>     |   11.402|
bb<6>          |result<13>     |   10.947|
bb<6>          |result<14>     |   10.974|
bb<6>          |result<15>     |   11.287|
bb<6>          |result<16>     |   10.964|
bb<6>          |result<23>     |    7.558|
bb<6>          |result<24>     |    8.083|
bb<6>          |result<25>     |    8.342|
bb<6>          |result<26>     |    8.628|
bb<6>          |result<27>     |    8.447|
bb<6>          |result<28>     |    8.647|
bb<6>          |result<29>     |    8.407|
bb<6>          |result<30>     |    8.299|
bb<6>          |result<31>     |    8.697|
bb<7>          |result<0>      |   11.145|
bb<7>          |result<1>      |   10.573|
bb<7>          |result<2>      |   10.552|
bb<7>          |result<3>      |   10.974|
bb<7>          |result<4>      |   10.580|
bb<7>          |result<5>      |   10.872|
bb<7>          |result<6>      |   10.460|
bb<7>          |result<7>      |   11.121|
bb<7>          |result<8>      |   10.829|
bb<7>          |result<9>      |   10.722|
bb<7>          |result<10>     |   10.604|
bb<7>          |result<11>     |   10.863|
bb<7>          |result<12>     |   11.296|
bb<7>          |result<13>     |   10.841|
bb<7>          |result<14>     |   10.868|
bb<7>          |result<15>     |   11.181|
bb<7>          |result<16>     |   10.858|
bb<7>          |result<24>     |    8.098|
bb<7>          |result<25>     |    8.491|
bb<7>          |result<26>     |    8.716|
bb<7>          |result<27>     |    8.535|
bb<7>          |result<28>     |    8.735|
bb<7>          |result<29>     |    8.556|
bb<7>          |result<30>     |    8.387|
bb<7>          |result<31>     |    8.785|
bb<8>          |result<0>      |   11.023|
bb<8>          |result<1>      |   10.451|
bb<8>          |result<2>      |   10.430|
bb<8>          |result<3>      |   10.852|
bb<8>          |result<4>      |   10.458|
bb<8>          |result<5>      |   10.750|
bb<8>          |result<6>      |   10.338|
bb<8>          |result<7>      |   10.999|
bb<8>          |result<8>      |   10.707|
bb<8>          |result<9>      |   10.600|
bb<8>          |result<10>     |   10.482|
bb<8>          |result<11>     |   10.741|
bb<8>          |result<12>     |   11.174|
bb<8>          |result<13>     |   10.719|
bb<8>          |result<14>     |   10.746|
bb<8>          |result<15>     |   11.059|
bb<8>          |result<16>     |   10.736|
bb<8>          |result<25>     |    8.362|
bb<8>          |result<26>     |    8.417|
bb<8>          |result<27>     |    8.382|
bb<8>          |result<28>     |    8.573|
bb<8>          |result<29>     |    8.705|
bb<8>          |result<30>     |    8.458|
bb<8>          |result<31>     |    8.693|
bb<9>          |result<0>      |   11.205|
bb<9>          |result<1>      |   10.633|
bb<9>          |result<2>      |   10.612|
bb<9>          |result<3>      |   11.034|
bb<9>          |result<4>      |   10.640|
bb<9>          |result<5>      |   10.932|
bb<9>          |result<6>      |   10.520|
bb<9>          |result<7>      |   11.181|
bb<9>          |result<8>      |   10.889|
bb<9>          |result<9>      |   10.782|
bb<9>          |result<10>     |   10.664|
bb<9>          |result<11>     |   10.923|
bb<9>          |result<12>     |   11.356|
bb<9>          |result<13>     |   10.901|
bb<9>          |result<14>     |   10.928|
bb<9>          |result<15>     |   11.241|
bb<9>          |result<16>     |   10.918|
bb<9>          |result<26>     |    8.348|
bb<9>          |result<27>     |    8.471|
bb<9>          |result<28>     |    8.663|
bb<9>          |result<29>     |    8.687|
bb<9>          |result<30>     |    8.440|
bb<9>          |result<31>     |    8.779|
bb<10>         |result<0>      |   11.189|
bb<10>         |result<1>      |   10.617|
bb<10>         |result<2>      |   10.596|
bb<10>         |result<3>      |   11.018|
bb<10>         |result<4>      |   10.624|
bb<10>         |result<5>      |   10.916|
bb<10>         |result<6>      |   10.504|
bb<10>         |result<7>      |   11.165|
bb<10>         |result<8>      |   10.873|
bb<10>         |result<9>      |   10.766|
bb<10>         |result<10>     |   10.648|
bb<10>         |result<11>     |   10.907|
bb<10>         |result<12>     |   11.340|
bb<10>         |result<13>     |   10.885|
bb<10>         |result<14>     |   10.912|
bb<10>         |result<15>     |   11.225|
bb<10>         |result<16>     |   10.902|
bb<10>         |result<27>     |    7.901|
bb<10>         |result<28>     |    8.122|
bb<10>         |result<29>     |    8.132|
bb<10>         |result<30>     |    7.939|
bb<10>         |result<31>     |    8.337|
bb<11>         |result<0>      |   11.530|
bb<11>         |result<1>      |   10.958|
bb<11>         |result<2>      |   10.937|
bb<11>         |result<3>      |   11.359|
bb<11>         |result<4>      |   10.965|
bb<11>         |result<5>      |   11.257|
bb<11>         |result<6>      |   10.845|
bb<11>         |result<7>      |   11.506|
bb<11>         |result<8>      |   11.214|
bb<11>         |result<9>      |   11.107|
bb<11>         |result<10>     |   10.989|
bb<11>         |result<11>     |   11.248|
bb<11>         |result<12>     |   11.681|
bb<11>         |result<13>     |   11.226|
bb<11>         |result<14>     |   11.253|
bb<11>         |result<15>     |   11.566|
bb<11>         |result<16>     |   11.243|
bb<11>         |result<28>     |    8.739|
bb<11>         |result<29>     |    8.696|
bb<11>         |result<30>     |    8.629|
bb<11>         |result<31>     |    9.027|
bb<12>         |result<0>      |   11.165|
bb<12>         |result<1>      |   10.593|
bb<12>         |result<2>      |   10.572|
bb<12>         |result<3>      |   10.994|
bb<12>         |result<4>      |   10.600|
bb<12>         |result<5>      |   10.892|
bb<12>         |result<6>      |   10.480|
bb<12>         |result<7>      |   11.141|
bb<12>         |result<8>      |   10.849|
bb<12>         |result<9>      |   10.742|
bb<12>         |result<10>     |   10.624|
bb<12>         |result<11>     |   10.883|
bb<12>         |result<12>     |   11.316|
bb<12>         |result<13>     |   10.861|
bb<12>         |result<14>     |   10.888|
bb<12>         |result<15>     |   11.201|
bb<12>         |result<16>     |   10.878|
bb<12>         |result<29>     |    8.171|
bb<12>         |result<30>     |    8.206|
bb<12>         |result<31>     |    8.750|
bb<13>         |result<0>      |   11.400|
bb<13>         |result<1>      |   10.828|
bb<13>         |result<2>      |   10.807|
bb<13>         |result<3>      |   11.229|
bb<13>         |result<4>      |   10.835|
bb<13>         |result<5>      |   11.127|
bb<13>         |result<6>      |   10.715|
bb<13>         |result<7>      |   11.376|
bb<13>         |result<8>      |   11.084|
bb<13>         |result<9>      |   10.977|
bb<13>         |result<10>     |   10.859|
bb<13>         |result<11>     |   11.118|
bb<13>         |result<12>     |   11.551|
bb<13>         |result<13>     |   11.096|
bb<13>         |result<14>     |   11.123|
bb<13>         |result<15>     |   11.436|
bb<13>         |result<16>     |   11.113|
bb<13>         |result<30>     |    8.230|
bb<13>         |result<31>     |    8.932|
bb<14>         |result<0>      |   11.031|
bb<14>         |result<1>      |   10.459|
bb<14>         |result<2>      |   10.438|
bb<14>         |result<3>      |   10.860|
bb<14>         |result<4>      |   10.466|
bb<14>         |result<5>      |   10.758|
bb<14>         |result<6>      |   10.346|
bb<14>         |result<7>      |   11.007|
bb<14>         |result<8>      |   10.715|
bb<14>         |result<9>      |   10.608|
bb<14>         |result<10>     |   10.490|
bb<14>         |result<11>     |   10.749|
bb<14>         |result<12>     |   11.182|
bb<14>         |result<13>     |   10.727|
bb<14>         |result<14>     |   10.754|
bb<14>         |result<15>     |   11.067|
bb<14>         |result<16>     |   10.744|
bb<14>         |result<31>     |    8.995|
bb<15>         |result<0>      |   10.929|
bb<15>         |result<1>      |   10.357|
bb<15>         |result<2>      |   10.336|
bb<15>         |result<3>      |   10.758|
bb<15>         |result<4>      |   10.364|
bb<15>         |result<5>      |   10.656|
bb<15>         |result<6>      |   10.244|
bb<15>         |result<7>      |   10.905|
bb<15>         |result<8>      |   10.613|
bb<15>         |result<9>      |   10.506|
bb<15>         |result<10>     |   10.388|
bb<15>         |result<11>     |   10.647|
bb<15>         |result<12>     |   11.080|
bb<15>         |result<13>     |   10.625|
bb<15>         |result<14>     |   10.652|
bb<15>         |result<15>     |   10.965|
bb<15>         |result<16>     |   10.642|
bb<16>         |result<0>      |   11.126|
bb<16>         |result<1>      |   10.554|
bb<16>         |result<2>      |   10.533|
bb<16>         |result<3>      |   10.955|
bb<16>         |result<4>      |   10.561|
bb<16>         |result<5>      |   10.853|
bb<16>         |result<6>      |   10.441|
bb<16>         |result<7>      |   11.102|
bb<16>         |result<8>      |   10.810|
bb<16>         |result<9>      |   10.703|
bb<16>         |result<10>     |   10.585|
bb<16>         |result<11>     |   10.844|
bb<16>         |result<12>     |   11.277|
bb<16>         |result<13>     |   10.822|
bb<16>         |result<14>     |   10.849|
bb<16>         |result<15>     |   11.162|
bb<16>         |result<16>     |   10.839|
control<0>     |result<0>      |    8.154|
control<0>     |result<1>      |    7.628|
control<0>     |result<2>      |    7.849|
control<0>     |result<3>      |    8.592|
control<0>     |result<4>      |    7.992|
control<0>     |result<5>      |    7.950|
control<0>     |result<6>      |    8.065|
control<0>     |result<7>      |    8.226|
control<0>     |result<8>      |    8.352|
control<0>     |result<9>      |    8.475|
control<0>     |result<10>     |    8.105|
control<0>     |result<11>     |    8.692|
control<0>     |result<12>     |    8.804|
control<0>     |result<13>     |    8.959|
control<0>     |result<14>     |    9.068|
control<0>     |result<15>     |    9.161|
control<0>     |result<16>     |    9.275|
control<0>     |result<17>     |   10.077|
control<0>     |result<18>     |    9.980|
control<0>     |result<19>     |   10.424|
control<0>     |result<20>     |   10.193|
control<0>     |result<21>     |   10.658|
control<0>     |result<22>     |    9.741|
control<0>     |result<23>     |    9.637|
control<0>     |result<24>     |    9.863|
control<0>     |result<25>     |   10.302|
control<0>     |result<26>     |   10.780|
control<0>     |result<27>     |   10.544|
control<0>     |result<28>     |    9.400|
control<0>     |result<29>     |    9.523|
control<0>     |result<30>     |   10.905|
control<0>     |result<31>     |   10.993|
control<1>     |result<0>      |    7.960|
control<1>     |result<1>      |    7.534|
control<1>     |result<2>      |    7.709|
control<1>     |result<3>      |    8.400|
control<1>     |result<4>      |    7.765|
control<1>     |result<5>      |    7.758|
control<1>     |result<6>      |    7.873|
control<1>     |result<7>      |    8.034|
control<1>     |result<8>      |    8.160|
control<1>     |result<9>      |    8.283|
control<1>     |result<10>     |    7.613|
control<1>     |result<11>     |    8.500|
control<1>     |result<12>     |    8.612|
control<1>     |result<13>     |    8.767|
control<1>     |result<14>     |    8.876|
control<1>     |result<15>     |    8.969|
control<1>     |result<16>     |    9.083|
control<1>     |result<17>     |    9.885|
control<1>     |result<18>     |    9.788|
control<1>     |result<19>     |   10.232|
control<1>     |result<20>     |   10.001|
control<1>     |result<21>     |   10.466|
control<1>     |result<22>     |    9.549|
control<1>     |result<23>     |    9.445|
control<1>     |result<24>     |    9.671|
control<1>     |result<25>     |   10.110|
control<1>     |result<26>     |   10.588|
control<1>     |result<27>     |   10.352|
control<1>     |result<28>     |    9.208|
control<1>     |result<29>     |    9.331|
control<1>     |result<30>     |   10.713|
control<1>     |result<31>     |   10.801|
---------------+---------------+---------+


Analysis completed Wed May 26 09:38:37 2021 
--------------------------------------------------------------------------------

Trace Settings:
-------------------------
Trace Settings 

Peak Memory Usage: 5003 MB



